[mint-invisiblefriends-nft.com/index.html]
[mint-invisiblefriends-nft.com/apple-touch-icon.png]
[mint-invisiblefriends-nft.com/favicon-32x32.png]
[mint-invisiblefriends-nft.com/favicon-16x16.png]
[mint-invisiblefriends-nft.com/site.webmanifest]
[backblue.gif]
[fade.gif]
[index.html]
[mint-invisiblefriends-nft.com/safari-pinned-tab.svg]
[c.tenor.com/h3kdDx5eKtkAAAAC/invisible-frineds-gm.gif]
[mint-invisiblefriends-nft.com/static/css/2.58a45539.chunk.css]
[mint-invisiblefriends-nft.com/static/css/main.0b30117b.chunk.css]
[mint-invisiblefriends-nft.com/invisible-montage.8.delayed]
[mint-invisiblefriends-nft.com/index-2.html]
[mint-invisiblefriends-nft.com/static/js/2.c0d5f7ea.chunk.js]
[mint-invisiblefriends-nft.com/index.html]
[mint-invisiblefriends-nft.com/safari-pinned-tab.svg]
[mint-invisiblefriends-nft.com/static/css/2.58a45539.chunk.css]
[mint-invisiblefriends-nft.com/static/js/main.759280a2.chunk.js]
[mint-invisiblefriends-nft.com/static/css/main.0b30117b.chunk.css]
[mint-invisiblefriends-nft.com/invisible-montage.html]
[mint-invisiblefriends-nft.com/index-2.html]
[mint-invisiblefriends-nft.com/static/media/FatFrank-Regular.ffe59809.woff]
